Archive member included because of file (symbol)

../teste1_bsp//libhal_bsp.a(alt_load.o)
                              ../teste1_bsp//obj/HAL/src/crt0.o (alt_load)
../teste1_bsp//libhal_bsp.a(alt_main.o)
                              ../teste1_bsp//obj/HAL/src/crt0.o (alt_main)
../teste1_bsp//libhal_bsp.a(alt_putstr.o)
                              obj/default/hello_world_small.o (alt_putstr)
../teste1_bsp//libhal_bsp.a(alt_sys_init.o)
                              ../teste1_bsp//libhal_bsp.a(alt_main.o) (alt_sys_init)
../teste1_bsp//libhal_bsp.a(altera_avalon_jtag_uart_write.o)
                              ../teste1_bsp//libhal_bsp.a(alt_putstr.o) (altera_avalon_jtag_uart_write)
../teste1_bsp//libhal_bsp.a(alt_dcache_flush_all.o)
                              ../teste1_bsp//libhal_bsp.a(alt_load.o) (alt_dcache_flush_all)
../teste1_bsp//libhal_bsp.a(alt_icache_flush_all.o)
                              ../teste1_bsp//libhal_bsp.a(alt_load.o) (alt_icache_flush_all)
../teste1_bsp//libhal_bsp.a(altera_nios2_qsys_irq.o)
                              ../teste1_bsp//libhal_bsp.a(alt_sys_init.o) (altera_nios2_qsys_irq_init)
/home/cefet/altera/13.0sp1/nios2eds/bin/gnu/H-i686-pc-linux-gnu/bin/../lib/gcc/nios2-elf/4.1.2/../../../../nios2-elf/lib/mno-hw-mul/libsmallc.a(lib_a-strlen.o)
                              ../teste1_bsp//libhal_bsp.a(alt_putstr.o) (strlen)

Memory Configuration

Name             Origin             Length             Attributes
reset            0x00010000         0x00000020
onchip_memory2_0 0x00010020         0x00009fe0
*default*        0x00000000         0xffffffff

Linker script and memory map

LOAD ../teste1_bsp//obj/HAL/src/crt0.o
                0x0001000c                exit = _exit
LOAD obj/default/hello_world_small.o
LOAD /home/cefet/altera/13.0sp1/nios2eds/bin/gnu/H-i686-pc-linux-gnu/bin/../lib/gcc/nios2-elf/4.1.2/../../../../nios2-elf/lib/mno-hw-mul/libstdc++.a
LOAD /home/cefet/altera/13.0sp1/nios2eds/bin/gnu/H-i686-pc-linux-gnu/bin/../lib/gcc/nios2-elf/4.1.2/../../../../nios2-elf/lib/mno-hw-mul/libm.a
LOAD /home/cefet/altera/13.0sp1/nios2eds/bin/gnu/H-i686-pc-linux-gnu/bin/../lib/gcc/nios2-elf/4.1.2/mno-hw-mul/libgcc.a
START GROUP
LOAD /home/cefet/altera/13.0sp1/nios2eds/bin/gnu/H-i686-pc-linux-gnu/bin/../lib/gcc/nios2-elf/4.1.2/../../../../nios2-elf/lib/mno-hw-mul/libsmallc.a
LOAD /home/cefet/altera/13.0sp1/nios2eds/bin/gnu/H-i686-pc-linux-gnu/bin/../lib/gcc/nios2-elf/4.1.2/mno-hw-mul/libgcc.a
LOAD ../teste1_bsp//libhal_bsp.a
END GROUP
LOAD /home/cefet/altera/13.0sp1/nios2eds/bin/gnu/H-i686-pc-linux-gnu/bin/../lib/gcc/nios2-elf/4.1.2/mno-hw-mul/libgcc.a
                0x00010000                __alt_mem_onchip_memory2_0 = 0x10000

.entry          0x00010000       0x20
 *(.entry)
 .entry         0x00010000       0x20 ../teste1_bsp//obj/HAL/src/crt0.o
                0x00010000                __reset
                0x0001000c                _exit

.exceptions     0x00010020        0x0
                0x00010020                PROVIDE (__ram_exceptions_start, ABSOLUTE (.))
                0x00010020                . = ALIGN (0x20)
 *(.irq)
 *(.exceptions.entry.label)
 *(.exceptions.entry.user)
 *(.exceptions.entry)
 *(.exceptions.irqtest.user)
 *(.exceptions.irqtest)
 *(.exceptions.irqhandler.user)
 *(.exceptions.irqhandler)
 *(.exceptions.irqreturn.user)
 *(.exceptions.irqreturn)
 *(.exceptions.notirq.label)
 *(.exceptions.notirq.user)
 *(.exceptions.notirq)
 *(.exceptions.soft.user)
 *(.exceptions.soft)
 *(.exceptions.unknown.user)
 *(.exceptions.unknown)
 *(.exceptions.exit.label)
 *(.exceptions.exit.user)
 *(.exceptions.exit)
 *(.exceptions)
                0x00010020                PROVIDE (__ram_exceptions_end, ABSOLUTE (.))
                0x00010020                PROVIDE (__flash_exceptions_start, LOADADDR (.exceptions))

.text           0x00010020      0x1cc
                0x00010020                PROVIDE (stext, ABSOLUTE (.))
 *(.interp)
 *(.hash)
 *(.dynsym)
 *(.dynstr)
 *(.gnu.version)
 *(.gnu.version_d)
 *(.gnu.version_r)
 *(.rel.init)
 *(.rela.init)
 *(.rel.text .rel.text.* .rel.gnu.linkonce.t.*)
 *(.rela.text .rela.text.* .rela.gnu.linkonce.t.*)
 *(.rel.fini)
 *(.rela.fini)
 *(.rel.rodata .rel.rodata.* .rel.gnu.linkonce.r.*)
 *(.rela.rodata .rela.rodata.* .rela.gnu.linkonce.r.*)
 *(.rel.data .rel.data.* .rel.gnu.linkonce.d.*)
 *(.rela.data .rela.data.* .rela.gnu.linkonce.d.*)
 *(.rel.tdata .rel.tdata.* .rel.gnu.linkonce.td.*)
 *(.rela.tdata .rela.tdata.* .rela.gnu.linkonce.td.*)
 *(.rel.tbss .rel.tbss.* .rel.gnu.linkonce.tb.*)
 *(.rela.tbss .rela.tbss.* .rela.gnu.linkonce.tb.*)
 *(.rel.ctors)
 *(.rela.ctors)
 *(.rel.dtors)
 *(.rela.dtors)
 *(.rel.got)
 *(.rela.got)
 *(.rel.sdata .rel.sdata.* .rel.gnu.linkonce.s.*)
 *(.rela.sdata .rela.sdata.* .rela.gnu.linkonce.s.*)
 *(.rel.sbss .rel.sbss.* .rel.gnu.linkonce.sb.*)
 *(.rela.sbss .rela.sbss.* .rela.gnu.linkonce.sb.*)
 *(.rel.sdata2 .rel.sdata2.* .rel.gnu.linkonce.s2.*)
 *(.rela.sdata2 .rela.sdata2.* .rela.gnu.linkonce.s2.*)
 *(.rel.sbss2 .rel.sbss2.* .rel.gnu.linkonce.sb2.*)
 *(.rela.sbss2 .rela.sbss2.* .rela.gnu.linkonce.sb2.*)
 *(.rel.bss .rel.bss.* .rel.gnu.linkonce.b.*)
 *(.rela.bss .rela.bss.* .rela.gnu.linkonce.b.*)
 *(.rel.plt)
 *(.rela.plt)
 *(.rel.dyn)
 *(.init)
 *(.plt)
 *(.text .stub .text.* .gnu.linkonce.t.*)
 .text          0x00010020       0x3c ../teste1_bsp//obj/HAL/src/crt0.o
                0x00010020                _start
 .text          0x0001005c       0x18 obj/default/hello_world_small.o
                0x0001005c                main
 .text          0x00010074       0x8c ../teste1_bsp//libhal_bsp.a(alt_load.o)
                0x00010094                alt_load
 .text          0x00010100       0x2c ../teste1_bsp//libhal_bsp.a(alt_main.o)
                0x00010100                alt_main
 .text          0x0001012c       0x38 ../teste1_bsp//libhal_bsp.a(alt_putstr.o)
                0x0001012c                alt_putstr
 .text          0x00010164       0x24 ../teste1_bsp//libhal_bsp.a(alt_sys_init.o)
                0x00010164                alt_sys_init
                0x00010168                alt_irq_init
 .text          0x00010188       0x34 ../teste1_bsp//libhal_bsp.a(altera_avalon_jtag_uart_write.o)
                0x00010188                altera_avalon_jtag_uart_write
 .text          0x000101bc        0x4 ../teste1_bsp//libhal_bsp.a(alt_dcache_flush_all.o)
                0x000101bc                alt_dcache_flush_all
 .text          0x000101c0        0x4 ../teste1_bsp//libhal_bsp.a(alt_icache_flush_all.o)
                0x000101c0                alt_icache_flush_all
 .text          0x000101c4        0x8 ../teste1_bsp//libhal_bsp.a(altera_nios2_qsys_irq.o)
                0x000101c4                altera_nios2_qsys_irq_init
 .text          0x000101cc       0x20 /home/cefet/altera/13.0sp1/nios2eds/bin/gnu/H-i686-pc-linux-gnu/bin/../lib/gcc/nios2-elf/4.1.2/../../../../nios2-elf/lib/mno-hw-mul/libsmallc.a(lib_a-strlen.o)
                0x000101cc                strlen
 *(.gnu.warning.*)
 *(.fini)
                0x000101ec                PROVIDE (__etext, ABSOLUTE (.))
                0x000101ec                PROVIDE (_etext, ABSOLUTE (.))
                0x000101ec                PROVIDE (etext, ABSOLUTE (.))
 *(.eh_frame_hdr)
                0x000101ec                . = ALIGN (0x4)
                0x000101ec                PROVIDE (__preinit_array_start, ABSOLUTE (.))
 *(.preinit_array)
                0x000101ec                PROVIDE (__preinit_array_end, ABSOLUTE (.))
                0x000101ec                PROVIDE (__init_array_start, ABSOLUTE (.))
 *(.init_array)
                0x000101ec                PROVIDE (__init_array_end, ABSOLUTE (.))
                0x000101ec                PROVIDE (__fini_array_start, ABSOLUTE (.))
 *(.fini_array)
                0x000101ec                PROVIDE (__fini_array_end, ABSOLUTE (.))
 *(.eh_frame)
 *(.gcc_except_table)
 *(.dynamic)
                0x000101ec                PROVIDE (__CTOR_LIST__, ABSOLUTE (.))
 *(.ctors)
 *(SORT(.ctors.*))
                0x000101ec                PROVIDE (__CTOR_END__, ABSOLUTE (.))
                0x000101ec                PROVIDE (__DTOR_LIST__, ABSOLUTE (.))
 *(.dtors)
 *(SORT(.dtors.*))
                0x000101ec                PROVIDE (__DTOR_END__, ABSOLUTE (.))
 *(.jcr)
                0x000101ec                . = ALIGN (0x4)

.rodata         0x000101ec       0x18
                0x000101ec                PROVIDE (__ram_rodata_start, ABSOLUTE (.))
                0x000101ec                . = ALIGN (0x4)
 *(.rodata .rodata.* .gnu.linkonce.r.*)
 .rodata.str1.4
                0x000101ec       0x18 obj/default/hello_world_small.o
 *(.rodata1)
                0x00010204                . = ALIGN (0x4)
                0x00010204                PROVIDE (__ram_rodata_end, ABSOLUTE (.))
                0x000101ec                PROVIDE (__flash_rodata_start, LOADADDR (.rodata))

.rwdata         0x00010204        0x4 load address 0x00010208
                0x00010204                PROVIDE (__ram_rwdata_start, ABSOLUTE (.))
                0x00010204                . = ALIGN (0x4)
 *(.got.plt)
 *(.got)
 *(.data1)
 *(.data .data.* .gnu.linkonce.d.*)
 .data          0x00010204        0x0 ../teste1_bsp//obj/HAL/src/crt0.o
 .data          0x00010204        0x0 obj/default/hello_world_small.o
 .data          0x00010204        0x0 ../teste1_bsp//libhal_bsp.a(alt_load.o)
 .data          0x00010204        0x0 ../teste1_bsp//libhal_bsp.a(alt_main.o)
 .data          0x00010204        0x0 ../teste1_bsp//libhal_bsp.a(alt_putstr.o)
 .data          0x00010204        0x0 ../teste1_bsp//libhal_bsp.a(alt_sys_init.o)
 .data          0x00010204        0x0 ../teste1_bsp//libhal_bsp.a(altera_avalon_jtag_uart_write.o)
 .data          0x00010204        0x0 ../teste1_bsp//libhal_bsp.a(alt_dcache_flush_all.o)
 .data          0x00010204        0x0 ../teste1_bsp//libhal_bsp.a(alt_icache_flush_all.o)
 .data          0x00010204        0x0 ../teste1_bsp//libhal_bsp.a(altera_nios2_qsys_irq.o)
 .data          0x00010204        0x0 /home/cefet/altera/13.0sp1/nios2eds/bin/gnu/H-i686-pc-linux-gnu/bin/../lib/gcc/nios2-elf/4.1.2/../../../../nios2-elf/lib/mno-hw-mul/libsmallc.a(lib_a-strlen.o)
                0x00018204                _gp = ABSOLUTE ((. + 0x8000))
                0x00018204                PROVIDE (gp, _gp)
 *(.rwdata .rwdata.*)
 *(.sdata .sdata.* .gnu.linkonce.s.*)
 .sdata         0x00010204        0x4 ../teste1_bsp//libhal_bsp.a(alt_sys_init.o)
                0x00010204                jtag_uart_0
 *(.sdata2 .sdata2.* .gnu.linkonce.s2.*)
                0x00010208                . = ALIGN (0x4)
                0x00010208                _edata = ABSOLUTE (.)
                0x00010208                PROVIDE (edata, ABSOLUTE (.))
                0x00010208                PROVIDE (__ram_rwdata_end, ABSOLUTE (.))
                0x00010208                PROVIDE (__flash_rwdata_start, LOADADDR (.rwdata))

.bss            0x0001020c        0xc
                0x0001020c                __bss_start = ABSOLUTE (.)
                0x0001020c                PROVIDE (__sbss_start, ABSOLUTE (.))
                0x0001020c                PROVIDE (___sbss_start, ABSOLUTE (.))
 *(.dynsbss)
 *(.sbss .sbss.* .gnu.linkonce.sb.*)
 .sbss          0x0001020c        0xc ../teste1_bsp//libhal_bsp.a(alt_main.o)
                0x0001020c                alt_argc
                0x00010210                alt_argv
                0x00010214                alt_envp
 *(.sbss2 .sbss2.* .gnu.linkonce.sb2.*)
 *(.scommon)
                0x00010218                PROVIDE (__sbss_end, ABSOLUTE (.))
                0x00010218                PROVIDE (___sbss_end, ABSOLUTE (.))
 *(.dynbss)
 *(.bss .bss.* .gnu.linkonce.b.*)
 .bss           0x00010218        0x0 ../teste1_bsp//obj/HAL/src/crt0.o
 .bss           0x00010218        0x0 obj/default/hello_world_small.o
 .bss           0x00010218        0x0 ../teste1_bsp//libhal_bsp.a(alt_load.o)
 .bss           0x00010218        0x0 ../teste1_bsp//libhal_bsp.a(alt_main.o)
 .bss           0x00010218        0x0 ../teste1_bsp//libhal_bsp.a(alt_putstr.o)
 .bss           0x00010218        0x0 ../teste1_bsp//libhal_bsp.a(alt_sys_init.o)
 .bss           0x00010218        0x0 ../teste1_bsp//libhal_bsp.a(altera_avalon_jtag_uart_write.o)
 .bss           0x00010218        0x0 ../teste1_bsp//libhal_bsp.a(alt_dcache_flush_all.o)
 .bss           0x00010218        0x0 ../teste1_bsp//libhal_bsp.a(alt_icache_flush_all.o)
 .bss           0x00010218        0x0 ../teste1_bsp//libhal_bsp.a(altera_nios2_qsys_irq.o)
 .bss           0x00010218        0x0 /home/cefet/altera/13.0sp1/nios2eds/bin/gnu/H-i686-pc-linux-gnu/bin/../lib/gcc/nios2-elf/4.1.2/../../../../nios2-elf/lib/mno-hw-mul/libsmallc.a(lib_a-strlen.o)
 *(COMMON)
                0x00010218                . = ALIGN (0x4)
                0x00010218                __bss_end = ABSOLUTE (.)

.onchip_memory2_0
                0x00010218        0x0
                0x00010218                PROVIDE (_alt_partition_onchip_memory2_0_start, ABSOLUTE (.))
 *(.onchip_memory2_0. onchip_memory2_0.*)
                0x00010218                . = ALIGN (0x4)
                0x00010218                PROVIDE (_alt_partition_onchip_memory2_0_end, ABSOLUTE (.))
                0x00010218                _end = ABSOLUTE (.)
                0x00010218                end = ABSOLUTE (.)
                0x00010218                __alt_stack_base = ABSOLUTE (.)
                0x00010218                PROVIDE (_alt_partition_onchip_memory2_0_load_addr, LOADADDR (.onchip_memory2_0))

.stab
 *(.stab)

.stabstr
 *(.stabstr)

.stab.excl
 *(.stab.excl)

.stab.exclstr
 *(.stab.exclstr)

.stab.index
 *(.stab.index)

.stab.indexstr
 *(.stab.indexstr)

.comment        0x00000000       0x26
 *(.comment)
 .comment       0x00000000       0x26 obj/default/hello_world_small.o
                                 0x27 (size before relaxing)
 .comment       0x00000000       0x27 ../teste1_bsp//libhal_bsp.a(alt_load.o)
 .comment       0x00000000       0x27 ../teste1_bsp//libhal_bsp.a(alt_main.o)
 .comment       0x00000000       0x27 ../teste1_bsp//libhal_bsp.a(alt_putstr.o)
 .comment       0x00000000       0x27 ../teste1_bsp//libhal_bsp.a(alt_sys_init.o)
 .comment       0x00000000       0x27 ../teste1_bsp//libhal_bsp.a(altera_avalon_jtag_uart_write.o)
 .comment       0x00000000       0x27 ../teste1_bsp//libhal_bsp.a(alt_dcache_flush_all.o)
 .comment       0x00000000       0x27 ../teste1_bsp//libhal_bsp.a(alt_icache_flush_all.o)
 .comment       0x00000000       0x27 ../teste1_bsp//libhal_bsp.a(altera_nios2_qsys_irq.o)
 .comment       0x00000000       0x27 /home/cefet/altera/13.0sp1/nios2eds/bin/gnu/H-i686-pc-linux-gnu/bin/../lib/gcc/nios2-elf/4.1.2/../../../../nios2-elf/lib/mno-hw-mul/libsmallc.a(lib_a-strlen.o)

.debug
 *(.debug)

.line
 *(.line)

.debug_srcinfo
 *(.debug_srcinfo)

.debug_sfnames
 *(.debug_sfnames)

.debug_aranges  0x00000000      0x168
 *(.debug_aranges)
 .debug_aranges
                0x00000000       0x28 ../teste1_bsp//obj/HAL/src/crt0.o
 .debug_aranges
                0x00000028       0x20 obj/default/hello_world_small.o
 .debug_aranges
                0x00000048       0x20 ../teste1_bsp//libhal_bsp.a(alt_load.o)
 .debug_aranges
                0x00000068       0x20 ../teste1_bsp//libhal_bsp.a(alt_main.o)
 .debug_aranges
                0x00000088       0x20 ../teste1_bsp//libhal_bsp.a(alt_putstr.o)
 .debug_aranges
                0x000000a8       0x20 ../teste1_bsp//libhal_bsp.a(alt_sys_init.o)
 .debug_aranges
                0x000000c8       0x20 ../teste1_bsp//libhal_bsp.a(altera_avalon_jtag_uart_write.o)
 .debug_aranges
                0x000000e8       0x20 ../teste1_bsp//libhal_bsp.a(alt_dcache_flush_all.o)
 .debug_aranges
                0x00000108       0x20 ../teste1_bsp//libhal_bsp.a(alt_icache_flush_all.o)
 .debug_aranges
                0x00000128       0x20 ../teste1_bsp//libhal_bsp.a(altera_nios2_qsys_irq.o)
 .debug_aranges
                0x00000148       0x20 /home/cefet/altera/13.0sp1/nios2eds/bin/gnu/H-i686-pc-linux-gnu/bin/../lib/gcc/nios2-elf/4.1.2/../../../../nios2-elf/lib/mno-hw-mul/libsmallc.a(lib_a-strlen.o)

.debug_pubnames
                0x00000000      0x1bd
 *(.debug_pubnames)
 .debug_pubnames
                0x00000000       0x1b obj/default/hello_world_small.o
 .debug_pubnames
                0x0000001b       0x1f ../teste1_bsp//libhal_bsp.a(alt_load.o)
 .debug_pubnames
                0x0000003a       0x46 ../teste1_bsp//libhal_bsp.a(alt_main.o)
 .debug_pubnames
                0x00000080       0x21 ../teste1_bsp//libhal_bsp.a(alt_putstr.o)
 .debug_pubnames
                0x000000a1       0x44 ../teste1_bsp//libhal_bsp.a(alt_sys_init.o)
 .debug_pubnames
                0x000000e5       0x34 ../teste1_bsp//libhal_bsp.a(altera_avalon_jtag_uart_write.o)
 .debug_pubnames
                0x00000119       0x2b ../teste1_bsp//libhal_bsp.a(alt_dcache_flush_all.o)
 .debug_pubnames
                0x00000144       0x2b ../teste1_bsp//libhal_bsp.a(alt_icache_flush_all.o)
 .debug_pubnames
                0x0000016f       0x31 ../teste1_bsp//libhal_bsp.a(altera_nios2_qsys_irq.o)
 .debug_pubnames
                0x000001a0       0x1d /home/cefet/altera/13.0sp1/nios2eds/bin/gnu/H-i686-pc-linux-gnu/bin/../lib/gcc/nios2-elf/4.1.2/../../../../nios2-elf/lib/mno-hw-mul/libsmallc.a(lib_a-strlen.o)

.debug_info     0x00000000      0x943
 *(.debug_info .gnu.linkonce.wi.*)
 .debug_info    0x00000000       0x71 ../teste1_bsp//obj/HAL/src/crt0.o
 .debug_info    0x00000071       0x45 obj/default/hello_world_small.o
 .debug_info    0x000000b6      0x12e ../teste1_bsp//libhal_bsp.a(alt_load.o)
 .debug_info    0x000001e4      0x125 ../teste1_bsp//libhal_bsp.a(alt_main.o)
 .debug_info    0x00000309       0xc5 ../teste1_bsp//libhal_bsp.a(alt_putstr.o)
 .debug_info    0x000003ce      0x17d ../teste1_bsp//libhal_bsp.a(alt_sys_init.o)
 .debug_info    0x0000054b      0x18f ../teste1_bsp//libhal_bsp.a(altera_avalon_jtag_uart_write.o)
 .debug_info    0x000006da       0x8d ../teste1_bsp//libhal_bsp.a(alt_dcache_flush_all.o)
 .debug_info    0x00000767       0x8d ../teste1_bsp//libhal_bsp.a(alt_icache_flush_all.o)
 .debug_info    0x000007f4       0x8d ../teste1_bsp//libhal_bsp.a(altera_nios2_qsys_irq.o)
 .debug_info    0x00000881       0xc2 /home/cefet/altera/13.0sp1/nios2eds/bin/gnu/H-i686-pc-linux-gnu/bin/../lib/gcc/nios2-elf/4.1.2/../../../../nios2-elf/lib/mno-hw-mul/libsmallc.a(lib_a-strlen.o)

.debug_abbrev   0x00000000      0x509
 *(.debug_abbrev)
 .debug_abbrev  0x00000000       0x12 ../teste1_bsp//obj/HAL/src/crt0.o
 .debug_abbrev  0x00000012       0x34 obj/default/hello_world_small.o
 .debug_abbrev  0x00000046       0x97 ../teste1_bsp//libhal_bsp.a(alt_load.o)
 .debug_abbrev  0x000000dd       0xa6 ../teste1_bsp//libhal_bsp.a(alt_main.o)
 .debug_abbrev  0x00000183       0x7c ../teste1_bsp//libhal_bsp.a(alt_putstr.o)
 .debug_abbrev  0x000001ff       0xe3 ../teste1_bsp//libhal_bsp.a(alt_sys_init.o)
 .debug_abbrev  0x000002e2       0xf0 ../teste1_bsp//libhal_bsp.a(altera_avalon_jtag_uart_write.o)
 .debug_abbrev  0x000003d2       0x3f ../teste1_bsp//libhal_bsp.a(alt_dcache_flush_all.o)
 .debug_abbrev  0x00000411       0x3f ../teste1_bsp//libhal_bsp.a(alt_icache_flush_all.o)
 .debug_abbrev  0x00000450       0x3f ../teste1_bsp//libhal_bsp.a(altera_nios2_qsys_irq.o)
 .debug_abbrev  0x0000048f       0x7a /home/cefet/altera/13.0sp1/nios2eds/bin/gnu/H-i686-pc-linux-gnu/bin/../lib/gcc/nios2-elf/4.1.2/../../../../nios2-elf/lib/mno-hw-mul/libsmallc.a(lib_a-strlen.o)

.debug_line     0x00000000     0x15e7
 *(.debug_line)
 .debug_line    0x00000000       0x66 ../teste1_bsp//obj/HAL/src/crt0.o
 .debug_line    0x00000066       0xed obj/default/hello_world_small.o
 .debug_line    0x00000153      0x233 ../teste1_bsp//libhal_bsp.a(alt_load.o)
 .debug_line    0x00000386      0x2de ../teste1_bsp//libhal_bsp.a(alt_main.o)
 .debug_line    0x00000664      0x1f5 ../teste1_bsp//libhal_bsp.a(alt_putstr.o)
 .debug_line    0x00000859      0x2a2 ../teste1_bsp//libhal_bsp.a(alt_sys_init.o)
 .debug_line    0x00000afb      0x310 ../teste1_bsp//libhal_bsp.a(altera_avalon_jtag_uart_write.o)
 .debug_line    0x00000e0b      0x1d1 ../teste1_bsp//libhal_bsp.a(alt_dcache_flush_all.o)
 .debug_line    0x00000fdc      0x1d1 ../teste1_bsp//libhal_bsp.a(alt_icache_flush_all.o)
 .debug_line    0x000011ad      0x1ea ../teste1_bsp//libhal_bsp.a(altera_nios2_qsys_irq.o)
 .debug_line    0x00001397      0x250 /home/cefet/altera/13.0sp1/nios2eds/bin/gnu/H-i686-pc-linux-gnu/bin/../lib/gcc/nios2-elf/4.1.2/../../../../nios2-elf/lib/mno-hw-mul/libsmallc.a(lib_a-strlen.o)

.debug_frame    0x00000000      0x188
 *(.debug_frame)
 .debug_frame   0x00000000       0x28 obj/default/hello_world_small.o
 .debug_frame   0x00000028       0x38 ../teste1_bsp//libhal_bsp.a(alt_load.o)
 .debug_frame   0x00000060       0x28 ../teste1_bsp//libhal_bsp.a(alt_main.o)
 .debug_frame   0x00000088       0x28 ../teste1_bsp//libhal_bsp.a(alt_putstr.o)
 .debug_frame   0x000000b0       0x38 ../teste1_bsp//libhal_bsp.a(alt_sys_init.o)
 .debug_frame   0x000000e8       0x20 ../teste1_bsp//libhal_bsp.a(altera_avalon_jtag_uart_write.o)
 .debug_frame   0x00000108       0x20 ../teste1_bsp//libhal_bsp.a(alt_dcache_flush_all.o)
 .debug_frame   0x00000128       0x20 ../teste1_bsp//libhal_bsp.a(alt_icache_flush_all.o)
 .debug_frame   0x00000148       0x20 ../teste1_bsp//libhal_bsp.a(altera_nios2_qsys_irq.o)
 .debug_frame   0x00000168       0x20 /home/cefet/altera/13.0sp1/nios2eds/bin/gnu/H-i686-pc-linux-gnu/bin/../lib/gcc/nios2-elf/4.1.2/../../../../nios2-elf/lib/mno-hw-mul/libsmallc.a(lib_a-strlen.o)

.debug_str      0x00000000      0x50a
 *(.debug_str)
 .debug_str     0x00000000       0x5c obj/default/hello_world_small.o
                                 0x61 (size before relaxing)
 .debug_str     0x0000005c      0x181 ../teste1_bsp//libhal_bsp.a(alt_load.o)
                                0x1c6 (size before relaxing)
 .debug_str     0x000001dd       0x75 ../teste1_bsp//libhal_bsp.a(alt_main.o)
                                0x14a (size before relaxing)
 .debug_str     0x00000252       0x4c ../teste1_bsp//libhal_bsp.a(alt_putstr.o)
                                0x121 (size before relaxing)
 .debug_str     0x0000029e       0x85 ../teste1_bsp//libhal_bsp.a(alt_sys_init.o)
                                0x1bf (size before relaxing)
 .debug_str     0x00000323       0x56 ../teste1_bsp//libhal_bsp.a(altera_avalon_jtag_uart_write.o)
                                0x1c2 (size before relaxing)
 .debug_str     0x00000379       0x34 ../teste1_bsp//libhal_bsp.a(alt_dcache_flush_all.o)
                                0x109 (size before relaxing)
 .debug_str     0x000003ad       0x34 ../teste1_bsp//libhal_bsp.a(alt_icache_flush_all.o)
                                0x109 (size before relaxing)
 .debug_str     0x000003e1       0x3b ../teste1_bsp//libhal_bsp.a(altera_nios2_qsys_irq.o)
                                0x110 (size before relaxing)
 .debug_str     0x0000041c       0xee /home/cefet/altera/13.0sp1/nios2eds/bin/gnu/H-i686-pc-linux-gnu/bin/../lib/gcc/nios2-elf/4.1.2/../../../../nios2-elf/lib/mno-hw-mul/libsmallc.a(lib_a-strlen.o)
                                0x189 (size before relaxing)

.debug_loc      0x00000000      0x11b
 *(.debug_loc)
 .debug_loc     0x00000000       0x1f obj/default/hello_world_small.o
 .debug_loc     0x0000001f       0x1f ../teste1_bsp//libhal_bsp.a(alt_load.o)
 .debug_loc     0x0000003e       0x1f ../teste1_bsp//libhal_bsp.a(alt_main.o)
 .debug_loc     0x0000005d       0x48 ../teste1_bsp//libhal_bsp.a(alt_putstr.o)
 .debug_loc     0x000000a5       0x32 ../teste1_bsp//libhal_bsp.a(alt_sys_init.o)
 .debug_loc     0x000000d7       0x26 ../teste1_bsp//libhal_bsp.a(altera_avalon_jtag_uart_write.o)
 .debug_loc     0x000000fd       0x1e /home/cefet/altera/13.0sp1/nios2eds/bin/gnu/H-i686-pc-linux-gnu/bin/../lib/gcc/nios2-elf/4.1.2/../../../../nios2-elf/lib/mno-hw-mul/libsmallc.a(lib_a-strlen.o)

.debug_macinfo
 *(.debug_macinfo)

.debug_weaknames
 *(.debug_weaknames)

.debug_funcnames
 *(.debug_funcnames)

.debug_typenames
 *(.debug_typenames)

.debug_varnames
 *(.debug_varnames)

.debug_alt_sim_info
                0x00000000       0x10
 *(.debug_alt_sim_info)
 .debug_alt_sim_info
                0x00000000       0x10 ../teste1_bsp//obj/HAL/src/crt0.o
                0x0001a000                __alt_data_end = 0x1a000
                0x0001a000                PROVIDE (__alt_stack_pointer, __alt_data_end)
                0x00010218                PROVIDE (__alt_stack_limit, __alt_stack_base)
                0x00010218                PROVIDE (__alt_heap_start, end)
                0x0001a000                PROVIDE (__alt_heap_limit, 0x1a000)
OUTPUT(teste1.elf elf32-littlenios2)

.debug_ranges   0x00000000       0x20
 .debug_ranges  0x00000000       0x20 ../teste1_bsp//obj/HAL/src/crt0.o
